<html>
<body>
<pre>
<h1>µVision Build Log</h1>
<h2>Tool Versions:</h2>
IDE-Version: £gVision V5.24.2.0
Copyright (C) 2017 ARM Ltd and ARM Germany GmbH. All rights reserved.
License Information: AA AA, AA, LIC=----
 
Tool Versions:
Toolchain:       MDK-Lite  Version: 5.24.1
Toolchain Path:  C:\Keil_v5\ARM\ARMCC\Bin
C Compiler:      Armcc.exe V5.06 update 5 (build 528)
Assembler:       Armasm.exe V5.06 update 5 (build 528)
Linker/Locator:  ArmLink.exe V5.06 update 5 (build 528)
Library Manager: ArmAr.exe V5.06 update 5 (build 528)
Hex Converter:   FromElf.exe V5.06 update 5 (build 528)
CPU DLL:         SARMCM3.DLL V5.24.1
Dialog DLL:      DARMCM1.DLL V1.18.0.0
Target DLL:      Nu_Link.dll V3.02
Dialog DLL:      TARMCM1.DLL V1.13.0.0
 
<h2>Project:</h2>
C:\Users\purr\Desktop\Nu-LB-NUC140_BSP3.00.004_v1.4.5\Lab11.2\SampleCode\Nu-LB-NUC140\I2C_IMU_Tilt\KEIL\Nu-LB-NUC140_IMU_Tilt.uvproj
Project File Date:  12/15/2020

<h2>Output:</h2>
*** Using Compiler 'V5.06 update 5 (build 528)', folder: 'C:\Keil_v5\ARM\ARMCC\Bin'
Rebuild target 'IMU_Tilt'
Clean started - Project: 'Nu-LB-NUC140_IMU_Tilt'
   deleting intermediate output files for target 'IMU_Tilt'
creating preprocessor file for system_NUC100Series.c...
compiling system_NUC100Series.c...
assembling startup_NUC100Series.s...
creating preprocessor file for sys.c...
compiling sys.c...
creating preprocessor file for clk.c...
compiling clk.c...
creating preprocessor file for gpio.c...
compiling gpio.c...
creating preprocessor file for i2c.c...
compiling i2c.c...
creating preprocessor file for spi.c...
compiling spi.c...
creating preprocessor file for retarget.c...
compiling retarget.c...
creating preprocessor file for main.c...
compiling main.c...
..\main.c(36): warning:  #177-D: variable "keyin"  was declared but never referenced
        int8_t keyin = 0;
..\main.c: 1 warning, 0 errors
creating preprocessor file for SYS_init.c...
compiling SYS_init.c...
creating preprocessor file for NVT_I2C.c...
compiling NVT_I2C.c...
creating preprocessor file for LCD.c...
compiling LCD.c...
creating preprocessor file for MPU6050.c...
compiling MPU6050.c...
creating preprocessor file for I2Cdev.c...
compiling I2Cdev.c...
creating preprocessor file for Draw2D.c...
compiling Draw2D.c...
linking...
Program Size: Code=10736 RO-data=576 RW-data=108 ZI-data=2484  
".\obj\I2C_IMU.axf" - 0 Error(s), 1 Warning(s).

*** Performing Cross-Module-Optimization:
compiling system_NUC100Series.c...
compiling sys.c...
compiling clk.c...
compiling gpio.c...
compiling i2c.c...
compiling spi.c...
compiling retarget.c...
compiling main.c...
..\main.c(36): warning:  #177-D: variable "keyin"  was declared but never referenced
        int8_t keyin = 0;
..\main.c: 1 warning, 0 errors
compiling SYS_init.c...
compiling NVT_I2C.c...
compiling LCD.c...
compiling MPU6050.c...
compiling I2Cdev.c...
compiling Draw2D.c...
linking...
Program Size: Code=10736 RO-data=576 RW-data=108 ZI-data=2484  
After Build - User command #1: fromelf --bin ".\obj\I2C_IMU.axf" --output ".\obj\I2C_IMU.bin"
After Build - User command #2: fromelf --text -c ".\obj\I2C_IMU.axf" --output ".\obj\I2C_IMU.txt"
".\obj\I2C_IMU.axf" - 0 Error(s), 1 Warning(s).
*** Completed Cross-Module-Optimization after 2 iteration(s).
Build Time Elapsed:  00:00:34
</pre>
</body>
</html>
