<html>
<body>
<pre>
<h1>µVision Build Log</h1>
<h2>Tool Versions:</h2>
IDE-Version: £gVision V5.24.2.0
Copyright (C) 2017 ARM Ltd and ARM Germany GmbH. All rights reserved.
License Information: AA AA, AA, LIC=----
 
Tool Versions:
Toolchain:       MDK-Lite  Version: 5.24.1
Toolchain Path:  C:\Keil_v5\ARM\ARMCC\Bin
C Compiler:      Armcc.exe V5.06 update 5 (build 528)
Assembler:       Armasm.exe V5.06 update 5 (build 528)
Linker/Locator:  ArmLink.exe V5.06 update 5 (build 528)
Library Manager: ArmAr.exe V5.06 update 5 (build 528)
Hex Converter:   FromElf.exe V5.06 update 5 (build 528)
CPU DLL:         SARMCM3.DLL V5.24.1
Dialog DLL:      DARMCM1.DLL V1.18.0.0
Target DLL:      Nu_Link.dll V3.02
Dialog DLL:      TARMCM1.DLL V1.13.0.0
 
<h2>Project:</h2>
C:\Users\purr\Desktop\Nu-LB-NUC140_BSP3.00.004_v1.4.5\Nu-LB-NUC140_BSP3.00.004_v1.4.5\SampleCode\Nu-LB-NUC140\I2C_EEPROM - 1\KEIL\Nu-LB-NUC140_I2C_EEPROM.uvproj
Project File Date:  12/16/2020

<h2>Output:</h2>
*** Using Compiler 'V5.06 update 5 (build 528)', folder: 'C:\Keil_v5\ARM\ARMCC\Bin'
Rebuild target 'I2C_EEPROM'
assembling startup_NUC100Series.s...
creating preprocessor file for system_NUC100Series.c...
creating preprocessor file for retarget.c...
creating preprocessor file for clk.c...
compiling system_NUC100Series.c...
creating preprocessor file for i2c.c...
compiling retarget.c...
creating preprocessor file for sys.c...
compiling clk.c...
creating preprocessor file for uart.c...
compiling i2c.c...
compiling sys.c...
creating preprocessor file for spi.c...
creating preprocessor file for gpio.c...
compiling uart.c...
creating preprocessor file for main.c...
compiling spi.c...
compiling gpio.c...
creating preprocessor file for SYS_init.c...
creating preprocessor file for LCD.c...
compiling main.c...
..\main.c(156): warning:  #177-D: variable "i"  was declared but never referenced
    uint8_t i;
..\main.c(210): warning:  #223-D: function "ScanKey" declared implicitly
      keyin = ScanKey();
..\main.c: 2 warnings, 0 errors
creating preprocessor file for Scankey.c...
compiling SYS_init.c...
compiling LCD.c...
compiling Scankey.c...
linking...
Program Size: Code=5160 RO-data=280 RW-data=2064 ZI-data=2064  
After Build - User command #1: fromelf --bin ".\obj\I2C_EEPROM.axf" --output ".\obj\I2C_EEPROM.bin"
After Build - User command #2: fromelf --text -c ".\obj\I2C_EEPROM.axf" --output ".\obj\I2C_EEPROM.txt"
".\obj\I2C_EEPROM.axf" - 0 Error(s), 2 Warning(s).
Build Time Elapsed:  00:00:04
</pre>
</body>
</html>
