<html>
<body>
<pre>
<h1>µVision Build Log</h1>
<h2>Tool Versions:</h2>
IDE-Version: £gVision V5.24.2.0
Copyright (C) 2017 ARM Ltd and ARM Germany GmbH. All rights reserved.
License Information: AA AA, AA, LIC=----
 
Tool Versions:
Toolchain:       MDK-Lite  Version: 5.24.1
Toolchain Path:  C:\Keil_v5\ARM\ARMCC\Bin
C Compiler:      Armcc.exe V5.06 update 5 (build 528)
Assembler:       Armasm.exe V5.06 update 5 (build 528)
Linker/Locator:  ArmLink.exe V5.06 update 5 (build 528)
Library Manager: ArmAr.exe V5.06 update 5 (build 528)
Hex Converter:   FromElf.exe V5.06 update 5 (build 528)
CPU DLL:         SARMCM3.DLL V5.24.1
Dialog DLL:      DARMCM1.DLL V1.18.0.0
Target DLL:      Nu_Link.dll V3.02
Dialog DLL:      TARMCM1.DLL V1.13.0.0
 
<h2>Project:</h2>
C:\Users\purr\Desktop\Lab4.2\KEIL\Nu-LB-NUC140.uvproj
Project File Date:  10/19/2020

<h2>Output:</h2>
*** Using Compiler 'V5.06 update 5 (build 528)', folder: 'C:\Keil_v5\ARM\ARMCC\Bin'
Rebuild target 'Sample'
creating preprocessor file for system_NUC100Series.c...
assembling startup_NUC100Series.s...
creating preprocessor file for clk.c...
creating preprocessor file for spi.c...
compiling system_NUC100Series.c...
creating preprocessor file for uart.c...
compiling clk.c...
compiling spi.c...
creating preprocessor file for gpio.c...
creating preprocessor file for sys.c...
compiling uart.c...
creating preprocessor file for LCD.c...
compiling gpio.c...
creating preprocessor file for main.c...
compiling sys.c...
creating preprocessor file for SYS_init.c...
compiling LCD.c...
compiling main.c...
..\main.c(60): warning:  #223-D: function "CloseSevenSegment" declared implicitly
  	CloseSevenSegment();
..\main.c(61): warning:  #223-D: function "ShowSevenSegment" declared implicitly
  	ShowSevenSegment(3, digit);
..\main.c(159): warning:  #111-D: statement is unreachable
  					sprintf(show_sum,"%d",sum); 
..\main.c(86): warning:  #177-D: variable "Text"  was declared but never referenced
  	char Text[16] = "                " , show_sum[5] = "     ";
..\main.c: 4 warnings, 0 errors
creating preprocessor file for Scankey.c...
compiling SYS_init.c...
creating preprocessor file for Seven_Segment.c...
compiling Scankey.c...
compiling Seven_Segment.c...
linking...
Program Size: Code=4304 RO-data=280 RW-data=2064 ZI-data=2048  
After Build - User command #1: fromelf --bin ".\obj\Sample.axf" --output ".\obj\Sample.bin"
After Build - User command #2: fromelf --text -c ".\obj\Sample.axf" --output ".\obj\Sample.txt"
".\obj\Sample.axf" - 0 Error(s), 4 Warning(s).
Build Time Elapsed:  00:00:07
</pre>
</body>
</html>
