<html>
<body>
<pre>
<h1>µVision Build Log</h1>
<h2>Tool Versions:</h2>
IDE-Version: £gVision V5.24.2.0
Copyright (C) 2017 ARM Ltd and ARM Germany GmbH. All rights reserved.
License Information: AA AA, AA, LIC=----
 
Tool Versions:
Toolchain:       MDK-Lite  Version: 5.24.1
Toolchain Path:  C:\Keil_v5\ARM\ARMCC\Bin
C Compiler:      Armcc.exe V5.06 update 5 (build 528)
Assembler:       Armasm.exe V5.06 update 5 (build 528)
Linker/Locator:  ArmLink.exe V5.06 update 5 (build 528)
Library Manager: ArmAr.exe V5.06 update 5 (build 528)
Hex Converter:   FromElf.exe V5.06 update 5 (build 528)
CPU DLL:         SARMCM3.DLL V5.24.1
Dialog DLL:      DARMCM1.DLL V1.18.0.0
Target DLL:      Nu_Link.dll V3.02
Dialog DLL:      TARMCM1.DLL V1.13.0.0
 
<h2>Project:</h2>
\\Mac\Home\Desktop\Project\FCU-1091-uP_System\Lab 3.2\KEIL\proj.uvproj
Project File Date:  10/20/2020

<h2>Output:</h2>
*** Using Compiler 'V5.06 update 5 (build 528)', folder: 'C:\Keil_v5\ARM\ARMCC\Bin'
Rebuild target 'proj'
assembling startup_NUC100Series.s...
compiling sys.c...
compiling system_NUC100Series.c...
compiling clk.c...
compiling gpio.c...
compiling retarget.c...
compiling SYS_init.c...
compiling Scankey.c...
compiling Seven_Segment.c...
compiling main.c...
..\main.c(312): warning:  #1-D: last line of file ends without a newline
  }
..\main.c: 1 warning, 0 errors
linking...
Program Size: Code=4580 RO-data=264 RW-data=168 ZI-data=1136  
After Build - User command #1: fromelf --bin ".\obj\proj.axf" --output ".\obj\proj.bin "
".\obj\proj.axf": Error: Q0122E: Could not open file '.\obj\proj.axf': No such file or directory
Finished: 0 information, 0 warning and 1 error messages.
After Build - User command #2: fromelf --text -c ".\obj\proj.axf" --output ".\obj\proj.txt"
".\obj\proj.axf": Error: Q0122E: Could not open file '.\obj\proj.axf': No such file or directory
Finished: 0 information, 0 warning and 1 error messages.
".\Objects\proj.axf" - 0 Error(s), 1 Warning(s).
Build Time Elapsed:  00:00:04
</pre>
</body>
</html>
