<html>
<body>
<pre>
<h1>µVision Build Log</h1>
<h2>Tool Versions:</h2>
IDE-Version: £gVision V5.24.2.0
Copyright (C) 2017 ARM Ltd and ARM Germany GmbH. All rights reserved.
License Information: AA AA, AA, LIC=----
 
Tool Versions:
Toolchain:       MDK-Lite  Version: 5.24.1
Toolchain Path:  C:\Keil_v5\ARM\ARMCC\Bin
C Compiler:      Armcc.exe V5.06 update 5 (build 528)
Assembler:       Armasm.exe V5.06 update 5 (build 528)
Linker/Locator:  ArmLink.exe V5.06 update 5 (build 528)
Library Manager: ArmAr.exe V5.06 update 5 (build 528)
Hex Converter:   FromElf.exe V5.06 update 5 (build 528)
CPU DLL:         SARMCM3.DLL V5.24.1
Dialog DLL:      DARMCM1.DLL V1.18.0.0
Target DLL:      Nu_Link.dll V3.02
Dialog DLL:      TARMCM1.DLL V1.13.0.0
 
<h2>Project:</h2>
\\Mac\Home\Desktop\Project\FCU-1091-uP_System\Lab9.2\KEIL\Nu-LB-NUC140.uvproj
Project File Date:  12/09/2020

<h2>Output:</h2>
*** Using Compiler 'V5.06 update 5 (build 528)', folder: 'C:\Keil_v5\ARM\ARMCC\Bin'
Rebuild target 'Sample'
creating preprocessor file for system_NUC100Series.c...
assembling startup_NUC100Series.s...
creating preprocessor file for clk.c...
creating preprocessor file for spi.c...
compiling system_NUC100Series.c...
compiling clk.c...
creating preprocessor file for gpio.c...
creating preprocessor file for sys.c...
compiling spi.c...
compiling gpio.c...
creating preprocessor file for adc.c...
creating preprocessor file for pwm.c...
compiling sys.c...
creating preprocessor file for retarget.c...
compiling adc.c...
creating preprocessor file for timer.c...
compiling pwm.c...
compiling retarget.c...
creating preprocessor file for LCD.c...
compiling timer.c...
creating preprocessor file for main.c...
creating preprocessor file for SYS_init.c...
compiling LCD.c...
compiling main.c...
..\MCU_init.h(66): warning:  #1-D: last line of file ends without a newline
  #define MCU_INTERFACE_INT1_PB15
..\main.c(195): warning:  #1-D: last line of file ends without a newline
  }
..\main.c: 2 warnings, 0 errors
creating preprocessor file for Scankey.c...
compiling SYS_init.c...
compiling Scankey.c...
linking...
Program Size: Code=5832 RO-data=512 RW-data=2088 ZI-data=2064  
After Build - User command #1: fromelf --bin ".\obj\Sample.axf" --output ".\obj\Sample.bin"
After Build - User command #2: fromelf --text -c ".\obj\Sample.axf" --output ".\obj\Sample.txt"
".\obj\Sample.axf" - 0 Error(s), 2 Warning(s).
Build Time Elapsed:  00:00:06
</pre>
</body>
</html>
